// Jest Snapshot v1, https://goo.gl/fbAQLP

exports[`AppBody snapshots renders correctly 1`] = `
<section
  className="App-body"
>
  <AppRouter />
</section>
`;
