// Jest Snapshot v1, https://goo.gl/fbAQLP

exports[`AppFooter snapshots renders correctly 1`] = `
<section
  className="App-footer"
/>
`;
