// Jest Snapshot v1, https://goo.gl/fbAQLP

exports[`App/Header snapshots renders without crashing 1`] = `
<section
  className="App-header test-classname"
/>
`;
