// Jest Snapshot v1, https://goo.gl/fbAQLP

exports[`AppRouter snapshots renders correctly 1`] = `
<Switch>
  <Route
    component={[Function]}
    exact={true}
    path="/"
  />
  <Route
    component={[Function]}
    path="/test"
  />
</Switch>
`;
