// Jest Snapshot v1, https://goo.gl/fbAQLP

exports[`NavBar snapshots renders correctly without text 1`] = `
<div
  className="Nav-bar"
  id="test"
/>
`;

exports[`NavBar snapshots renders without crashing 1`] = `
<div
  className="Nav-bar"
  id="test"
/>
`;
