// Jest Snapshot v1, https://goo.gl/fbAQLP

exports[`NavBar NavLink snapshots renders with children correctly 1`] = `
<NavLink>
  <div>
    test
  </div>
</NavLink>
`;

exports[`NavBar NavLink snapshots renders without crashing 1`] = `
<div
  className="Nav-link"
/>
`;
