// Jest Snapshot v1, https://goo.gl/fbAQLP

exports[`Card snapshots renders without crashing 1`] = `
<img
  className="App-card"
  src="https://art.hearthstonejson.com/v1/render/latest/enUS/512x/test.png"
/>
`;
