// Jest Snapshot v1, https://goo.gl/fbAQLP

exports[`ManaGem snapshots renders without crashing 1`] = `
<div
  className="Mana-gem"
>
  <img
    alt="gem"
    className="Mana-gem-nav-img"
  />
  <div
    className="Mana-gem-nav-text"
  >
    2
  </div>
</div>
`;
