// Jest Snapshot v1, https://goo.gl/fbAQLP

exports[`Placeholder snapshots renders correctly 1`] = `
<div>
  test
</div>
`;
